2026-09-10T07:06:29Z INF Thank you for trying Cloudflare Tunnel. Doing so, without a Cloudflare account, is a quick way to experiment and try it out. However, be aware that these account-less Tunnels have no uptime guarantee, are subject to the Cloudflare Online Services Terms of Use (https://www.cloudflare.com/website-terms/), and Cloudflare reserves the right to investigate your use of Tunnels for violations of such terms. If you intend to use Tunnels in production you should use a pre-created named tunnel by following: https://developers.cloudflare.com/cloudflare-one/connections/connect-apps
2026-09-10T07:06:29Z INF Requesting new quick Tunnel on trycloudflare.com...
2026-09-10T07:06:33Z INF +--------------------------------------------------------------------------------------------+
2026-09-10T07:06:33Z INF |  Your quick Tunnel has been created! Visit it at (it may take some time to be reachable):  |
2026-09-10T07:06:33Z INF |  https://channels-shaped-fields-poly.trycloudflare.com                                     |
2026-09-10T07:06:33Z INF +--------------------------------------------------------------------------------------------+
2026-09-10T07:06:33Z INF Cannot determine default configuration path. No file [config.yml config.yaml] in [~/.cloudflared ~/.cloudflare-warp ~/cloudflare-warp]
2026-09-10T07:06:33Z INF Version 2026.9.0 (Checksum 547057326266f0e1c7d50d102dbd22ff283d740c055bd61e94f10e2c606f89af)
2026-09-10T07:06:33Z INF GOOS: windows, GOVersion: go1.26.8, GoArch: amd64
2026-09-10T07:06:33Z INF Settings: map[ha-connections:1 no-autoupdate:true p:http2 protocol:http2 url:http://127.0.0.1:2323]
2026-09-10T07:06:33Z INF cloudflared will not automatically update on Windows systems.
2026-09-10T07:06:44Z ERR Failed to fetch features, default to disable error="lookup cfd-features.argotunnel.com: dnsquery: This operation returned because the timeout period expired."
2026-09-10T07:06:44Z INF Generated Connector ID: a0d2406f-19b5-473e-b1af-380373717a26
2026-09-10T07:06:44Z INF Initial protocol http2
2026-09-10T07:06:44Z INF ICMP proxy will use 192.168.0.51 as source for IPv4
2026-09-10T07:06:44Z INF ICMP proxy will use fe80::148d:3954:bdd5:e221 in zone 以太网 as source for IPv6
2026-09-10T07:06:44Z INF cloudflared does not support loading the system root certificate pool on Windows. Please use --origin-ca-pool <PATH> to specify the path to the certificate pool
2026-09-10T07:06:44Z INF ICMP proxy will use 192.168.0.51 as source for IPv4
2026-09-10T07:06:44Z INF Tunnel connection curve preferences: [X25519MLKEM768 CurveID(65074) CurveP256] connIndex=0 event=0 ip=198.41.200.63
2026-09-10T07:06:44Z INF ICMP proxy will use fe80::148d:3954:bdd5:e221 in zone 以太网 as source for IPv6
2026-09-10T07:06:44Z INF Starting metrics server on 127.0.0.1:20241/metrics
2026-09-10T07:06:45Z INF +--------------------------------------------------------------------------------------+
2026-09-10T07:06:45Z INF |                               CONNECTIVITY PRE-CHECKS                                |
2026-09-10T07:06:45Z INF +--------------------------------------------------------------------------------------+
2026-09-10T07:06:45Z INF |  COMPONENT         TARGET                     STATUS  DETAILS                        |
2026-09-10T07:06:45Z INF |  DNS Resolution    region1.v2.argotunnel.com  PASS    DNS Resolved successfully      |
2026-09-10T07:06:45Z INF |  DNS Resolution    region2.v2.argotunnel.com  PASS    DNS Resolved successfully      |
2026-09-10T07:06:45Z INF |  UDP Connectivity  region1.v2.argotunnel.com  PASS    QUIC connection successful     |
2026-09-10T07:06:45Z INF |  UDP Connectivity  region2.v2.argotunnel.com  PASS    QUIC connection successful     |
2026-09-10T07:06:45Z INF |  TCP Connectivity  region1.v2.argotunnel.com  PASS    HTTP/2 connection successful   |
2026-09-10T07:06:45Z INF |  TCP Connectivity  region2.v2.argotunnel.com  PASS    HTTP/2 connection successful   |
2026-09-10T07:06:45Z INF |  Cloudflare API    api.cloudflare.com:443     PASS    API is reachable               |
2026-09-10T07:06:45Z INF |                                                                                      |
2026-09-10T07:06:45Z INF |  SUMMARY: Environment is healthy. cloudflared will use 'http2' as primary protocol.  |
2026-09-10T07:06:45Z INF +--------------------------------------------------------------------------------------+
2026-09-10T07:06:45Z INF precheck component="DNS Resolution" details="DNS Resolved successfully" run_id=f2782230-eb19-443c-8f4c-c6246b64147f status=pass target=region1.v2.argotunnel.com
2026-09-10T07:06:45Z INF precheck component="DNS Resolution" details="DNS Resolved successfully" run_id=f2782230-eb19-443c-8f4c-c6246b64147f status=pass target=region2.v2.argotunnel.com
2026-09-10T07:06:45Z INF precheck component="UDP Connectivity" details="QUIC connection successful" run_id=f2782230-eb19-443c-8f4c-c6246b64147f status=pass target=region1.v2.argotunnel.com
2026-09-10T07:06:45Z INF precheck component="UDP Connectivity" details="QUIC connection successful" run_id=f2782230-eb19-443c-8f4c-c6246b64147f status=pass target=region2.v2.argotunnel.com
2026-09-10T07:06:45Z INF precheck component="TCP Connectivity" details="HTTP/2 connection successful" run_id=f2782230-eb19-443c-8f4c-c6246b64147f status=pass target=region1.v2.argotunnel.com
2026-09-10T07:06:45Z INF precheck component="TCP Connectivity" details="HTTP/2 connection successful" run_id=f2782230-eb19-443c-8f4c-c6246b64147f status=pass target=region2.v2.argotunnel.com
2026-09-10T07:06:45Z INF precheck component="Cloudflare API" details="API is reachable" run_id=f2782230-eb19-443c-8f4c-c6246b64147f status=pass target=api.cloudflare.com:443
2026-09-10T07:06:45Z INF precheck complete hard_fail=false run_id=f2782230-eb19-443c-8f4c-c6246b64147f suggested_protocol=http2
2026-09-10T07:06:45Z INF Registered tunnel connection connIndex=0 connection=fd04dcad-f08d-4dcb-8c81-4462c23a158c event=0 ip=198.41.200.63 location=sjc08 protocol=http2
